// 同步 ID: 31437720 @ Sun Jul 12 16:35:43 UTC 2026
// 同步 ID: d88308b4 @ Mon Jul 13 12:32:20 UTC 2026
// 重构日志: 9ddb9fdc
// 重构日志: c2b7b04d
// 重构日志: 7a790e38
// 同步 ID: ba188fc0 @ Sat Jul 18 18:36:18 UTC 2026
// 重构日志: bc198559
// 同步 ID: b1234ca5 @ Sun Jul 19 12:29:35 UTC 2026
// 同步 ID: 06425672 @ Mon Jul 20 00:08:57 UTC 2026
// 重构日志: e55045fb
// 同步 ID: 4fba3f18 @ Wed Jul 22 15:46:46 UTC 2026
// 同步 ID: dc85bbeb @ Sun Jul 26 12:52:54 UTC 2026
// 同步 ID: 2bcc9e26 @ Thu Jul 30 10:24:10 UTC 2026
// 同步 ID: 30bf435a @ Thu Jul 30 16:52:22 UTC 2026
// 同步 ID: bd63f079 @ Sat Aug  1 08:33:36 UTC 2026
// 同步 ID: fee39bb3 @ Sat Aug  1 14:31:18 UTC 2026
// 同步 ID: dff3e0cd @ Sat Aug  1 16:08:37 UTC 2026
// 同步 ID: 6a394722 @ Mon Aug  3 20:51:26 UTC 2026
// 同步 ID: b0c9d403 @ Tue Aug  4 11:00:38 UTC 2026
// 同步 ID: b9121a5a @ Wed Aug  5 08:13:33 UTC 2026
// 重构日志: 28994f9c
// 重构日志: 0a4cee46
// 同步 ID: 5062d57c @ Thu Aug  6 08:04:16 UTC 2026
// 重构日志: cc7b5599
// 重构日志: 7b362982
// 重构日志: ff3cf351
// 重构日志: f22dc440
// 同步 ID: 07915c6b @ Fri Aug  7 10:39:35 UTC 2026
// 重构日志: c9e9f908
// 同步 ID: a54a2350 @ Fri Aug  7 17:27:36 UTC 2026
// 重构日志: c3466767
// 重构日志: b7a294d7
// 重构日志: aa21acbd
